// Jest Snapshot v1, https://goo.gl/fbAQLP

exports[`Mount Quasar Snapshot matches 1`] = `
<svg
  class="avatar wrap"
  id="Layer_1"
  src="img/avatar1.svg"
  style="enable-background: new 0 0 278.454834 357.205414;"
  version="1.1"
  viewBox="0 0 278.454834 357.205414"
  x="0px"
  xml:space="preserve"
  xmlns="http://www.w3.org/2000/svg"
  xmlns:xlink="http://www.w3.org/1999/xlink"
  y="0px"
/>
`;
